// Jest Snapshot v1, https://goo.gl/fbAQLP

exports[`map 0 should throw when array is null or undefined 1`] = `"Cannot call method on undefined"`;

exports[`map 0 should throw when array is null or undefined 2`] = `"Cannot call method on undefined"`;

exports[`map 0 should throw when array is null or undefined 3`] = `"Cannot call method on null"`;

exports[`map 1 should throw when array is null or undefined 1`] = `"Cannot call method on undefined"`;

exports[`map 1 should throw when array is null or undefined 2`] = `"Cannot call method on undefined"`;

exports[`map 1 should throw when array is null or undefined 3`] = `"Cannot call method on null"`;
