// Jest Snapshot v1, https://goo.gl/fbAQLP

exports[`map should throw when array is null or undefined 1`] = `"Array.prototype.map called on null or undefined"`;

exports[`map should throw when array is null or undefined 2`] = `"Array.prototype.map called on null or undefined"`;

exports[`map should throw when array is null or undefined 3`] = `"Array.prototype.map called on null or undefined"`;
